../Drivers/STM32WBxx_HAL_Driver/Inc/stm32wbxx_ll_bus.h:364:22:LL_AHB1_GRP1_EnableClock	24	static
../Drivers/STM32WBxx_HAL_Driver/Inc/stm32wbxx_ll_bus.h:539:22:LL_AHB2_GRP1_EnableClock	24	static
../Core/Src/main.c:101:24:now_ms	8	static
../Core/Src/main.c:106:13:button_pressed_event	16	static
../Core/Src/main.c:129:13:mode2_reset_state	8	static
../Core/Src/main.c:141:13:uart_send_dma_safe	24	static
../Core/Src/main.c:161:13:toggle_mode	16	static
../Core/Src/main.c:177:13:force_set_mode	24	static
../Core/Src/main.c:199:5:main	32	static
../Core/Src/main.c:317:13:MX_GPIO_Init	32	static
../Core/Src/main.c:348:13:MX_RNG_Init	8	static
../Core/Src/main.c:359:13:MX_DMA_Init	8	static
../Core/Src/main.c:394:13:MX_USART1_UART_Init	8	static
../Core/Src/main.c:411:6:DMA1_Channel4_IRQHandler	8	static
../Core/Src/main.c:417:6:HAL_UART_TxCpltCallback	16	static
../Core/Src/main.c:425:6:SystemClock_Config	112	static
../Core/Src/main.c:456:6:Error_Handler	4	static,ignoring_inline_asm
